// Jest Snapshot v1, https://goo.gl/fbAQLP

exports[`markdown-to-test (Example.md) s example nr 2 works 1`] = `"FAIL!"`;
